To run a command as administrator (user "root"), use "sudo <command>".
See "man sudo_root" for details.

manikandan@drylogics-Lenovo-G50-80:~$ sudo apt-get update
[sudo] password for manikandan: 
Ign:1 http://dl.google.com/linux/chrome/deb stable InRelease
Hit:2 http://dl.google.com/linux/chrome/deb stable Release                                                 
Hit:3 http://in.archive.ubuntu.com/ubuntu xenial InRelease                                                 
Get:5 http://security.ubuntu.com/ubuntu xenial-security InRelease [102 kB]
Get:6 https://deb.nodesource.com/node_6.x xenial InRelease [4,634 B]              
Get:7 http://in.archive.ubuntu.com/ubuntu xenial-updates InRelease [102 kB]         
Get:8 https://deb.nodesource.com/node_6.x xenial/main Sources [763 B]                          
Get:9 https://deb.nodesource.com/node_6.x xenial/main amd64 Packages [964 B]                     
Get:10 https://deb.nodesource.com/node_6.x xenial/main i386 Packages [960 B]                      
Get:11 http://in.archive.ubuntu.com/ubuntu xenial-backports InRelease [102 kB]                     
Get:12 http://security.ubuntu.com/ubuntu xenial-security/main amd64 DEP-11 Metadata [54.1 kB]
Get:13 http://in.archive.ubuntu.com/ubuntu xenial-updates/main amd64 Packages [501 kB]
Get:14 http://security.ubuntu.com/ubuntu xenial-security/main DEP-11 64x64 Icons [42.4 kB]
Get:15 http://security.ubuntu.com/ubuntu xenial-security/universe amd64 DEP-11 Metadata [32.2 kB]
Get:16 http://security.ubuntu.com/ubuntu xenial-security/universe DEP-11 64x64 Icons [37.0 kB]         
Get:17 http://in.archive.ubuntu.com/ubuntu xenial-updates/main i386 Packages [491 kB]                   
Get:18 http://in.archive.ubuntu.com/ubuntu xenial-updates/main amd64 DEP-11 Metadata [288 kB]   
Get:19 http://in.archive.ubuntu.com/ubuntu xenial-updates/main DEP-11 64x64 Icons [186 kB]
Get:20 http://in.archive.ubuntu.com/ubuntu xenial-updates/universe amd64 Packages [450 kB]
Get:21 http://in.archive.ubuntu.com/ubuntu xenial-updates/universe i386 Packages [437 kB]                                                            
Get:22 http://in.archive.ubuntu.com/ubuntu xenial-updates/universe amd64 DEP-11 Metadata [160 kB]                                                    
Get:23 http://in.archive.ubuntu.com/ubuntu xenial-updates/universe DEP-11 64x64 Icons [188 kB]                                                       
Get:24 http://in.archive.ubuntu.com/ubuntu xenial-updates/multiverse amd64 DEP-11 Metadata [2,520 B]                                                 
Get:25 http://in.archive.ubuntu.com/ubuntu xenial-backports/main amd64 DEP-11 Metadata [3,324 B]                                                     
Fetched 3,187 kB in 9s (345 kB/s)                                                                                                                    
Reading package lists... Done
manikandan@drylogics-Lenovo-G50-80:~$ sudo apt-get install autoconf bison build-essential libssl-dev libyaml-dev libreadline6-dev zlib1g-dev libncurses5-dev libffi-dev libgdbm3 libgdbm-dev
Reading package lists... Done
Building dependency tree       
Reading state information... Done
build-essential is already the newest version (12.1ubuntu2).
build-essential set to manually installed.
libgdbm3 is already the newest version (1.8.3-13.1).
libgdbm3 set to manually installed.
libreadline6-dev is already the newest version (6.3-8ubuntu2).
libreadline6-dev set to manually installed.
zlib1g-dev is already the newest version (1:1.2.8.dfsg-2ubuntu4).
libssl-dev is already the newest version (1.0.2g-1ubuntu4.6).
Suggested packages:
  autoconf-archive gnu-standards autoconf-doc libtool bison-doc ncurses-doc libyaml-doc
The following NEW packages will be installed:
  autoconf automake autotools-dev bison libbison-dev libffi-dev libgdbm-dev libncurses5-dev libsigsegv2 libyaml-dev m4
0 upgraded, 11 newly installed, 0 to remove and 32 not upgraded.
Need to get 2,103 kB of archives.
After this operation, 7,649 kB of additional disk space will be used.
Get:1 http://in.archive.ubuntu.com/ubuntu xenial/main amd64 libsigsegv2 amd64 2.10-4 [14.1 kB]
Get:2 http://in.archive.ubuntu.com/ubuntu xenial/main amd64 m4 amd64 1.4.17-5 [195 kB]
Get:3 http://in.archive.ubuntu.com/ubuntu xenial/main amd64 autoconf all 2.69-9 [321 kB]
Get:4 http://in.archive.ubuntu.com/ubuntu xenial/main amd64 autotools-dev all 20150820.1 [39.8 kB]
Get:5 http://in.archive.ubuntu.com/ubuntu xenial/main amd64 automake all 1:1.15-4ubuntu1 [510 kB]
Get:6 http://in.archive.ubuntu.com/ubuntu xenial/main amd64 libbison-dev amd64 2:3.0.4.dfsg-1 [338 kB]
Get:7 http://in.archive.ubuntu.com/ubuntu xenial/main amd64 bison amd64 2:3.0.4.dfsg-1 [259 kB]
Get:8 http://in.archive.ubuntu.com/ubuntu xenial/main amd64 libgdbm-dev amd64 1.8.3-13.1 [35.9 kB]
Get:9 http://in.archive.ubuntu.com/ubuntu xenial/main amd64 libncurses5-dev amd64 6.0+20160213-1ubuntu1 [175 kB]
Get:10 http://in.archive.ubuntu.com/ubuntu xenial/main amd64 libffi-dev amd64 3.2.1-4 [161 kB]
Get:11 http://in.archive.ubuntu.com/ubuntu xenial/main amd64 libyaml-dev amd64 0.1.6-3 [55.2 kB]
Fetched 2,103 kB in 5s (403 kB/s)       
Selecting previously unselected package libsigsegv2:amd64.
(Reading database ... 216794 files and directories currently installed.)
Preparing to unpack .../libsigsegv2_2.10-4_amd64.deb ...
Unpacking libsigsegv2:amd64 (2.10-4) ...
Selecting previously unselected package m4.
Preparing to unpack .../archives/m4_1.4.17-5_amd64.deb ...
Unpacking m4 (1.4.17-5) ...
Selecting previously unselected package autoconf.
Preparing to unpack .../autoconf_2.69-9_all.deb ...
Unpacking autoconf (2.69-9) ...
Selecting previously unselected package autotools-dev.
Preparing to unpack .../autotools-dev_20150820.1_all.deb ...
Unpacking autotools-dev (20150820.1) ...
Selecting previously unselected package automake.
Preparing to unpack .../automake_1%3a1.15-4ubuntu1_all.deb ...
Unpacking automake (1:1.15-4ubuntu1) ...
Selecting previously unselected package libbison-dev:amd64.
Preparing to unpack .../libbison-dev_2%3a3.0.4.dfsg-1_amd64.deb ...
Unpacking libbison-dev:amd64 (2:3.0.4.dfsg-1) ...
Selecting previously unselected package bison.
Preparing to unpack .../bison_2%3a3.0.4.dfsg-1_amd64.deb ...
Unpacking bison (2:3.0.4.dfsg-1) ...
Selecting previously unselected package libgdbm-dev.
Preparing to unpack .../libgdbm-dev_1.8.3-13.1_amd64.deb ...
Unpacking libgdbm-dev (1.8.3-13.1) ...
Selecting previously unselected package libncurses5-dev:amd64.
Preparing to unpack .../libncurses5-dev_6.0+20160213-1ubuntu1_amd64.deb ...
Unpacking libncurses5-dev:amd64 (6.0+20160213-1ubuntu1) ...
Selecting previously unselected package libffi-dev:amd64.
Preparing to unpack .../libffi-dev_3.2.1-4_amd64.deb ...
Unpacking libffi-dev:amd64 (3.2.1-4) ...
Selecting previously unselected package libyaml-dev:amd64.
Preparing to unpack .../libyaml-dev_0.1.6-3_amd64.deb ...
Unpacking libyaml-dev:amd64 (0.1.6-3) ...
Processing triggers for install-info (6.1.0.dfsg.1-5) ...
Processing triggers for man-db (2.7.5-1) ...
Processing triggers for doc-base (0.10.7) ...
Processing 2 added doc-base files...
Setting up libsigsegv2:amd64 (2.10-4) ...
Setting up m4 (1.4.17-5) ...
Setting up autoconf (2.69-9) ...
Setting up autotools-dev (20150820.1) ...
Setting up automake (1:1.15-4ubuntu1) ...
update-alternatives: using /usr/bin/automake-1.15 to provide /usr/bin/automake (automake) in auto mode
Setting up libbison-dev:amd64 (2:3.0.4.dfsg-1) ...
Setting up bison (2:3.0.4.dfsg-1) ...
update-alternatives: using /usr/bin/bison.yacc to provide /usr/bin/yacc (yacc) in auto mode
Setting up libgdbm-dev (1.8.3-13.1) ...
Setting up libncurses5-dev:amd64 (6.0+20160213-1ubuntu1) ...
Setting up libffi-dev:amd64 (3.2.1-4) ...
Setting up libyaml-dev:amd64 (0.1.6-3) ...
Processing triggers for libc-bin (2.23-0ubuntu7) ...
manikandan@drylogics-Lenovo-G50-80:~$ git clone https://github.com/rbenv/rbenv.git ~/.rbenv
fatal: destination path '/home/manikandan/.rbenv' already exists and is not an empty directory.
manikandan@drylogics-Lenovo-G50-80:~$ rbenv -v
rbenv 1.1.0-2-g4f8925a
manikandan@drylogics-Lenovo-G50-80:~$ ruby -v
ruby 2.4.0p0 (2016-12-24 revision 57164) [x86_64-linux]
manikandan@drylogics-Lenovo-G50-80:~$ rbenv --list
rbenv: no such command `--list'
manikandan@drylogics-Lenovo-G50-80:~$ rbenv --help
Usage: rbenv <command> [<args>]

Some useful rbenv commands are:
   commands    List all available rbenv commands
   local       Set or show the local application-specific Ruby version
   global      Set or show the global Ruby version
   shell       Set or show the shell-specific Ruby version
   install     Install a Ruby version using ruby-build
   uninstall   Uninstall a specific Ruby version
   rehash      Rehash rbenv shims (run this after installing executables)
   version     Show the current Ruby version and its origin
   versions    List all Ruby versions available to rbenv
   which       Display the full path to an executable
   whence      List all Ruby versions that contain the given executable

See `rbenv help <command>' for information on a specific command.
For full documentation, see: https://github.com/rbenv/rbenv#readme
manikandan@drylogics-Lenovo-G50-80:~$ rbenv versions
  system
* 2.4.0 (set by /home/manikandan/.rbenv/version)
manikandan@drylogics-Lenovo-G50-80:~$ rbenv install --list
Available versions:
  1.8.5-p52
  1.8.5-p113
  1.8.5-p114
  1.8.5-p115
  1.8.5-p231
  1.8.6
  1.8.6-p36
  1.8.6-p110
  1.8.6-p111
  1.8.6-p114
  1.8.6-p230
  1.8.6-p286
  1.8.6-p287
  1.8.6-p368
  1.8.6-p369
  1.8.6-p383
  1.8.6-p388
  1.8.6-p398
  1.8.6-p399
  1.8.6-p420
  1.8.7-preview1
  1.8.7-preview2
  1.8.7-preview3
  1.8.7-preview4
  1.8.7
  1.8.7-p17
  1.8.7-p22
  1.8.7-p71
  1.8.7-p72
  1.8.7-p160
  1.8.7-p173
  1.8.7-p174
  1.8.7-p248
  1.8.7-p249
  1.8.7-p299
  1.8.7-p301
  1.8.7-p302
  1.8.7-p330
  1.8.7-p334
  1.8.7-p352
  1.8.7-p357
  1.8.7-p358
  1.8.7-p370
  1.8.7-p371
  1.8.7-p373
  1.8.7-p374
  1.8.7-p375
  1.9.0-0
  1.9.0-1
  1.9.0-2
  1.9.0-3
  1.9.0-4
  1.9.0-5
  1.9.1-preview1
  1.9.1-preview2
  1.9.1-rc1
  1.9.1-rc2
  1.9.1-p0
  1.9.1-p129
  1.9.1-p243
  1.9.1-p376
  1.9.1-p378
  1.9.1-p429
  1.9.1-p430
  1.9.1-p431
  1.9.2-preview1
  1.9.2-preview3
  1.9.2-rc1
  1.9.2-rc2
  1.9.2-p0
  1.9.2-p136
  1.9.2-p180
  1.9.2-p290
  1.9.2-p318
  1.9.2-p320
  1.9.2-p326
  1.9.2-p330
  1.9.3-dev
  1.9.3-preview1
  1.9.3-rc1
  1.9.3-p0
  1.9.3-p105
  1.9.3-p125
  1.9.3-p194
  1.9.3-p286
  1.9.3-p327
  1.9.3-p362
  1.9.3-p374
  1.9.3-p385
  1.9.3-p392
  1.9.3-p426
  1.9.3-p429
  1.9.3-p448
  1.9.3-p484
  1.9.3-p545
  1.9.3-p547
  1.9.3-p550
  1.9.3-p551
  2.0.0-dev
  2.0.0-preview1
  2.0.0-preview2
  2.0.0-rc1
  2.0.0-rc2
  2.0.0-p0
  2.0.0-p195
  2.0.0-p247
  2.0.0-p353
  2.0.0-p451
  2.0.0-p481
  2.0.0-p576
  2.0.0-p594
  2.0.0-p598
  2.0.0-p643
  2.0.0-p645
  2.0.0-p647
  2.0.0-p648
  2.1.0-dev
  2.1.0-preview1
  2.1.0-preview2
  2.1.0-rc1
  2.1.0
  2.1.1
  2.1.2
  2.1.3
  2.1.4
  2.1.5
  2.1.6
  2.1.7
  2.1.8
  2.1.9
  2.1.10
  2.2.0-dev
  2.2.0-preview1
  2.2.0-preview2
  2.2.0-rc1
  2.2.0
  2.2.1
  2.2.2
  2.2.3
  2.2.4
  2.2.5
  2.2.6
  2.3.0-dev
  2.3.0-preview1
  2.3.0-preview2
  2.3.0
  2.3.1
  2.3.2
  2.3.3
  2.4.0-dev
  2.4.0-preview1
  2.4.0-preview2
  2.4.0-preview3
  2.4.0-rc1
  2.4.0
  2.4.1
  2.5.0-dev
  jruby-1.5.6
  jruby-1.6.3
  jruby-1.6.4
  jruby-1.6.5
  jruby-1.6.5.1
  jruby-1.6.6
  jruby-1.6.7
  jruby-1.6.7.2
  jruby-1.6.8
  jruby-1.7.0-preview1
  jruby-1.7.0-preview2
  jruby-1.7.0-rc1
  jruby-1.7.0-rc2
  jruby-1.7.0
  jruby-1.7.1
  jruby-1.7.2
  jruby-1.7.3
  jruby-1.7.4
  jruby-1.7.5
  jruby-1.7.6
  jruby-1.7.7
  jruby-1.7.8
  jruby-1.7.9
  jruby-1.7.10
  jruby-1.7.11
  jruby-1.7.12
  jruby-1.7.13
  jruby-1.7.14
  jruby-1.7.15
  jruby-1.7.16
  jruby-1.7.16.1
  jruby-1.7.16.2
  jruby-1.7.17
  jruby-1.7.18
  jruby-1.7.19
  jruby-1.7.20
  jruby-1.7.20.1
  jruby-1.7.21
  jruby-1.7.22
  jruby-1.7.23
  jruby-1.7.24
  jruby-1.7.25
  jruby-1.7.26
  jruby-9.0.0.0.pre1
  jruby-9.0.0.0.pre2
  jruby-9.0.0.0.rc1
  jruby-9.0.0.0.rc2
  jruby-9.0.0.0
  jruby-9.0.1.0
  jruby-9.0.3.0
  jruby-9.0.4.0
  jruby-9.0.5.0
  jruby-9.1.0.0-dev
  jruby-9.1.0.0
  jruby-9.1.1.0
  jruby-9.1.2.0
  jruby-9.1.3.0
  jruby-9.1.4.0
  jruby-9.1.5.0
  jruby-9.1.6.0
  jruby-9.1.7.0
  jruby-9.1.8.0
  maglev-1.0.0
  maglev-1.1.0-dev
  maglev-2.0.0-dev
  mruby-dev
  mruby-1.0.0
  mruby-1.1.0
  mruby-1.2.0
  rbx-2.2.2
  rbx-2.2.3
  rbx-2.2.4
  rbx-2.2.5
  rbx-2.2.6
  rbx-2.2.7
  rbx-2.2.8
  rbx-2.2.9
  rbx-2.2.10
  rbx-2.3.0
  rbx-2.4.0
  rbx-2.4.1
  rbx-2.5.0
  rbx-2.5.1
  rbx-2.5.2
  rbx-2.5.3
  rbx-2.5.4
  rbx-2.5.5
  rbx-2.5.6
  rbx-2.5.7
  rbx-2.5.8
  rbx-2.6
  rbx-2.7
  rbx-2.8
  rbx-2.9
  rbx-2.10
  rbx-2.11
  rbx-2.71828182
  rbx-3.0
  rbx-3.1
  rbx-3.2
  rbx-3.3
  rbx-3.4
  rbx-3.5
  rbx-3.6
  rbx-3.7
  rbx-3.8
  rbx-3.9
  rbx-3.10
  rbx-3.11
  rbx-3.12
  rbx-3.13
  rbx-3.14
  rbx-3.15
  rbx-3.16
  rbx-3.17
  rbx-3.18
  rbx-3.19
  rbx-3.20
  rbx-3.21
  rbx-3.22
  rbx-3.23
  rbx-3.24
  rbx-3.25
  rbx-3.26
  rbx-3.27
  rbx-3.28
  rbx-3.29
  rbx-3.30
  rbx-3.31
  rbx-3.32
  rbx-3.33
  rbx-3.34
  rbx-3.35
  rbx-3.36
  rbx-3.37
  rbx-3.38
  rbx-3.39
  rbx-3.40
  rbx-3.41
  rbx-3.42
  rbx-3.43
  rbx-3.44
  rbx-3.45
  rbx-3.46
  rbx-3.47
  rbx-3.48
  rbx-3.49
  rbx-3.50
  rbx-3.51
  rbx-3.52
  rbx-3.53
  rbx-3.54
  rbx-3.55
  rbx-3.56
  rbx-3.57
  rbx-3.58
  rbx-3.59
  rbx-3.60
  rbx-3.61
  rbx-3.62
  rbx-3.63
  rbx-3.64
  rbx-3.65
  rbx-3.66
  rbx-3.67
  rbx-3.68
  rbx-3.69
  rbx-3.70
  rbx-3.71
  rbx-3.72
  ree-1.8.7-2011.03
  ree-1.8.7-2011.12
  ree-1.8.7-2012.01
  ree-1.8.7-2012.02
  topaz-dev
manikandan@drylogics-Lenovo-G50-80:~$ rbenv install 2.3.1
Downloading ruby-2.3.1.tar.bz2...
-> https://cache.ruby-lang.org/pub/ruby/2.3/ruby-2.3.1.tar.bz2
Installing ruby-2.3.1...
Installed ruby-2.3.1 to /home/manikandan/.rbenv/versions/2.3.1

manikandan@drylogics-Lenovo-G50-80:~$ rbenv --help
Usage: rbenv <command> [<args>]

Some useful rbenv commands are:
   commands    List all available rbenv commands
   local       Set or show the local application-specific Ruby version
   global      Set or show the global Ruby version
   shell       Set or show the shell-specific Ruby version
   install     Install a Ruby version using ruby-build
   uninstall   Uninstall a specific Ruby version
   rehash      Rehash rbenv shims (run this after installing executables)
   version     Show the current Ruby version and its origin
   versions    List all Ruby versions available to rbenv
   which       Display the full path to an executable
   whence      List all Ruby versions that contain the given executable

See `rbenv help <command>' for information on a specific command.
For full documentation, see: https://github.com/rbenv/rbenv#readme
manikandan@drylogics-Lenovo-G50-80:~$ rbenv versions
  system
  2.3.1
* 2.4.0 (set by /home/manikandan/.rbenv/version)
manikandan@drylogics-Lenovo-G50-80:~$ rbenv global 2.3.1
manikandan@drylogics-Lenovo-G50-80:~$ rbenv versions
  system
* 2.3.1 (set by /home/manikandan/.rbenv/version)
  2.4.0
manikandan@drylogics-Lenovo-G50-80:~$ rbenv global 2.4.0
manikandan@drylogics-Lenovo-G50-80:~$ gem install bundler
Successfully installed bundler-1.14.6
Parsing documentation for bundler-1.14.6
Done installing documentation for bundler after 5 seconds
1 gem installed
manikandan@drylogics-Lenovo-G50-80:~$ cd projects/
manikandan@drylogics-Lenovo-G50-80:projects$ mkdir ticTacToe
manikandan@drylogics-Lenovo-G50-80:projects$ cd ticTacToe/
manikandan@drylogics-Lenovo-G50-80:ticTacToe$ bundler init
Writing new Gemfile to /home/manikandan/projects/ticTacToe/Gemfile
manikandan@drylogics-Lenovo-G50-80:ticTacToe$ bundle install
Fetching gem metadata from https://rubygems.org/..........
Fetching version metadata from https://rubygems.org/..
Fetching dependency metadata from https://rubygems.org/.
Resolving dependencies...
Using byebug 9.0.6
Using coderay 1.1.1
Using diff-lcs 1.3
Using ffi 1.9.18
Using formatador 0.2.5
Using rb-fsevent 0.9.8
Using ruby_dep 1.5.0
Using lumberjack 1.0.11
Using nenv 0.3.0
Using shellany 0.0.1
Using method_source 0.8.2
Using slop 3.6.0
Using thor 0.19.4
Using rspec-support 3.5.0
Using bundler 1.14.6
Using rb-inotify 0.9.8
Using notiffany 0.1.1
Using pry 0.10.4
Using rspec-core 3.5.4
Using rspec-expectations 3.5.0
Using rspec-mocks 3.5.0
Using listen 3.1.5
Installing rspec 3.5.0
Using guard 2.14.1
Bundle complete! 3 Gemfile dependencies, 24 gems now installed.
Use `bundle show [gemname]` to see where a bundled gem is installed.
manikandan@drylogics-Lenovo-G50-80:ticTacToe$ cat > .rb-version
2.4.0manikandan@drylogics-Lenovo-G50-80:ticTacToe$ 
manikandan@drylogics-Lenovo-G50-80:ticTacToe$ rbenv versions
  system
  2.3.1
* 2.4.0 (set by /home/manikandan/.rbenv/version)
manikandan@drylogics-Lenovo-G50-80:ticTacToe$ rbenv --help
Usage: rbenv <command> [<args>]

Some useful rbenv commands are:
   commands    List all available rbenv commands
   local       Set or show the local application-specific Ruby version
   global      Set or show the global Ruby version
   shell       Set or show the shell-specific Ruby version
   install     Install a Ruby version using ruby-build
   uninstall   Uninstall a specific Ruby version
   rehash      Rehash rbenv shims (run this after installing executables)
   version     Show the current Ruby version and its origin
   versions    List all Ruby versions available to rbenv
   which       Display the full path to an executable
   whence      List all Ruby versions that contain the given executable

See `rbenv help <command>' for information on a specific command.
For full documentation, see: https://github.com/rbenv/rbenv#readme
manikandan@drylogics-Lenovo-G50-80:ticTacToe$ rbenv local 
rbenv: no local version configured for this directory
manikandan@drylogics-Lenovo-G50-80:ticTacToe$ rbenv local 2.4.0
manikandan@drylogics-Lenovo-G50-80:ticTacToe$ rbenv local 
2.4.0
manikandan@drylogics-Lenovo-G50-80:ticTacToe$ rspec init
/home/manikandan/.rbenv/versions/2.4.0/lib/ruby/gems/2.4.0/gems/rspec-core-3.5.4/lib/rspec/core/configuration.rb:1435:in `load': cannot load such file -- /home/manikandan/projects/ticTacToe/init (LoadError)
	from /home/manikandan/.rbenv/versions/2.4.0/lib/ruby/gems/2.4.0/gems/rspec-core-3.5.4/lib/rspec/core/configuration.rb:1435:in `block in load_spec_files'
	from /home/manikandan/.rbenv/versions/2.4.0/lib/ruby/gems/2.4.0/gems/rspec-core-3.5.4/lib/rspec/core/configuration.rb:1433:in `each'
	from /home/manikandan/.rbenv/versions/2.4.0/lib/ruby/gems/2.4.0/gems/rspec-core-3.5.4/lib/rspec/core/configuration.rb:1433:in `load_spec_files'
	from /home/manikandan/.rbenv/versions/2.4.0/lib/ruby/gems/2.4.0/gems/rspec-core-3.5.4/lib/rspec/core/runner.rb:100:in `setup'
	from /home/manikandan/.rbenv/versions/2.4.0/lib/ruby/gems/2.4.0/gems/rspec-core-3.5.4/lib/rspec/core/runner.rb:86:in `run'
	from /home/manikandan/.rbenv/versions/2.4.0/lib/ruby/gems/2.4.0/gems/rspec-core-3.5.4/lib/rspec/core/runner.rb:71:in `run'
	from /home/manikandan/.rbenv/versions/2.4.0/lib/ruby/gems/2.4.0/gems/rspec-core-3.5.4/lib/rspec/core/runner.rb:45:in `invoke'
	from /home/manikandan/.rbenv/versions/2.4.0/lib/ruby/gems/2.4.0/gems/rspec-core-3.5.4/exe/rspec:4:in `<top (required)>'
	from /home/manikandan/.rbenv/versions/2.4.0/bin/rspec:22:in `load'
	from /home/manikandan/.rbenv/versions/2.4.0/bin/rspec:22:in `<main>'
manikandan@drylogics-Lenovo-G50-80:ticTacToe$ rspec --init
  create   .rspec
  create   spec/spec_helper.rb
manikandan@drylogics-Lenovo-G50-80:ticTacToe$ guard init
Warning: you have a Gemfile, but you're not using bundler or RUBYGEMS_GEMDEPS
18:49:50 - INFO - Writing new Guardfile to /home/manikandan/projects/ticTacToe/Guardfile
manikandan@drylogics-Lenovo-G50-80:ticTacToe$ guard
Warning: you have a Gemfile, but you're not using bundler or RUBYGEMS_GEMDEPS
18:50:10 - INFO - Guard here! It looks like your project has a Gemfile, yet you are running
> [#] `guard` outside of Bundler. If this is your intent, feel free to ignore this
> [#] message. Otherwise, consider using `bundle exec guard` to ensure your
> [#] dependencies are loaded correctly.
> [#] (You can run `guard` with --no-bundler-warning to get rid of this message.)
18:50:10 - ERROR - No plugins found in Guardfile, please add at least one.
18:50:10 - INFO - Guard is now watching at '/home/manikandan/projects/ticTacToe'
[1] guard(main)> 18:53:25 - WARN - Guardfile changed -- _guard-core will exit.
> [#] 
e
18:55:22 - INFO - Bye bye...
18:55:22 - INFO - Guard here! It looks like your project has a Gemfile, yet you are running
> [#] `guard` outside of Bundler. If this is your intent, feel free to ignore this
> [#] message. Otherwise, consider using `bundle exec guard` to ensure your
> [#] dependencies are loaded correctly.
> [#] (You can run `guard` with --no-bundler-warning to get rid of this message.)
18:55:22 - WARN - Directory app does not exist
18:55:22 - WARN - Directory config does not exist
18:55:22 - WARN - Directory test does not exist
18:55:22 - WARN - Directory features does not exist
18:55:22 - ERROR - No plugins found in Guardfile, please add at least one.
18:55:22 - INFO - Guard is now watching at '/home/manikandan/projects/ticTacToe/lib', '/home/manikandan/projects/ticTacToe/spec'
[1] guard(main)> 
[1] guard(main)> bye
NameError: undefined local variable or method `bye' for main:Object
from (pry):1:in `__pry__'
[2] guard(main)> exit

18:56:17 - INFO - Bye bye...
manikandan@drylogics-Lenovo-G50-80:ticTacToe$ bundle update listen
Fetching gem metadata from https://rubygems.org/..........
Fetching version metadata from https://rubygems.org/..
Fetching dependency metadata from https://rubygems.org/.
Resolving dependencies...
Using byebug 9.0.6
Using coderay 1.1.1
Using diff-lcs 1.3
Using ffi 1.9.18
Using formatador 0.2.5
Using rb-fsevent 0.9.8
Using ruby_dep 1.5.0
Using lumberjack 1.0.11
Using nenv 0.3.0
Using shellany 0.0.1
Using method_source 0.8.2
Using slop 3.6.0
Using thor 0.19.4
Using rspec-support 3.5.0
Using bundler 1.14.6
Using rb-inotify 0.9.8
Using notiffany 0.1.1
Using pry 0.10.4
Using rspec-core 3.5.4
Using rspec-expectations 3.5.0
Using rspec-mocks 3.5.0
Using listen 3.1.5
Using rspec 3.5.0
Using guard 2.14.1
Bundle updated!
manikandan@drylogics-Lenovo-G50-80:ticTacToe$ guard 
Warning: you have a Gemfile, but you're not using bundler or RUBYGEMS_GEMDEPS
18:56:48 - INFO - Guard here! It looks like your project has a Gemfile, yet you are running
> [#] `guard` outside of Bundler. If this is your intent, feel free to ignore this
> [#] message. Otherwise, consider using `bundle exec guard` to ensure your
> [#] dependencies are loaded correctly.
> [#] (You can run `guard` with --no-bundler-warning to get rid of this message.)
18:56:48 - WARN - Directory app does not exist
18:56:48 - WARN - Directory config does not exist
18:56:48 - WARN - Directory test does not exist
18:56:48 - WARN - Directory features does not exist
18:56:48 - ERROR - No plugins found in Guardfile, please add at least one.
18:56:48 - INFO - Guard is now watching at '/home/manikandan/projects/ticTacToe/lib', '/home/manikandan/projects/ticTacToe/spec'
[1] guard(main)> e
[1] guard(main)> exit

18:58:47 - INFO - Bye bye...
manikandan@drylogics-Lenovo-G50-80:ticTacToe$ bundle install
Fetching gem metadata from https://rubygems.org/..........
Fetching version metadata from https://rubygems.org/..
Fetching dependency metadata from https://rubygems.org/.
Resolving dependencies...
Using byebug 9.0.6
Using coderay 1.1.1
Using diff-lcs 1.3
Using ffi 1.9.18
Using formatador 0.2.5
Using rb-fsevent 0.9.8
Using ruby_dep 1.5.0
Using lumberjack 1.0.11
Using nenv 0.3.0
Using shellany 0.0.1
Using method_source 0.8.2
Using slop 3.6.0
Using thor 0.19.4
Installing guard-compat 1.2.1
Using rspec-support 3.5.0
Using bundler 1.14.6
Using rb-inotify 0.9.8
Using notiffany 0.1.1
Using pry 0.10.4
Using rspec-core 3.5.4
Using rspec-expectations 3.5.0
Using rspec-mocks 3.5.0
Using listen 3.1.5
Using rspec 3.5.0
Using guard 2.14.1
Installing guard-rspec 4.7.3
Bundle complete! 4 Gemfile dependencies, 26 gems now installed.
Use `bundle show [gemname]` to see where a bundled gem is installed.
manikandan@drylogics-Lenovo-G50-80:ticTacToe$ bundle exec guard init rspec
18:59:49 - WARN - Directory app does not exist
18:59:49 - WARN - Directory config does not exist
18:59:49 - WARN - Directory test does not exist
18:59:49 - WARN - Directory features does not exist
18:59:49 - WARN - Directory app does not exist
18:59:49 - WARN - Directory config does not exist
18:59:49 - WARN - Directory test does not exist
18:59:49 - WARN - Directory features does not exist
18:59:49 - WARN - Directory app does not exist
18:59:49 - WARN - Directory config does not exist
18:59:49 - WARN - Directory test does not exist
18:59:49 - WARN - Directory features does not exist
18:59:49 - WARN - Directory app does not exist
18:59:49 - WARN - Directory config does not exist
18:59:49 - WARN - Directory test does not exist
18:59:49 - WARN - Directory features does not exist
18:59:49 - INFO - rspec guard added to Guardfile, feel free to edit it
manikandan@drylogics-Lenovo-G50-80:ticTacToe$ guard
Warning: you have a Gemfile, but you're not using bundler or RUBYGEMS_GEMDEPS
19:00:45 - INFO - Guard here! It looks like your project has a Gemfile, yet you are running
> [#] `guard` outside of Bundler. If this is your intent, feel free to ignore this
> [#] message. Otherwise, consider using `bundle exec guard` to ensure your
> [#] dependencies are loaded correctly.
> [#] (You can run `guard` with --no-bundler-warning to get rid of this message.)
19:00:45 - WARN - Directory app does not exist
19:00:45 - WARN - Directory config does not exist
19:00:45 - WARN - Directory test does not exist
19:00:45 - WARN - Directory features does not exist
19:00:45 - INFO - Guard::RSpec is running
19:00:45 - INFO - Guard is now watching at '/home/manikandan/projects/ticTacToe/lib', '/home/manikandan/projects/ticTacToe/spec'
19:00:51 - INFO - Running: spec/ticTacToe_spec.rb
........

Finished in 0.00233 seconds (files took 0.17872 seconds to load)
8 examples, 0 failures


19:05:20 - INFO - Running: spec

TicTacToe
  should have 2 players
  should have unique symbols for each player
  should allow players to place their symbols
  should allow them to place alternatively
  win
    should declare win when same symbol is placed vertically
    should declare win when same symbol is placed horizontally
    should declare win when same symbol is placed diagonally
  draw
    should declare draw when all positions are occupied and there is no winner

Finished in 0.0022 seconds (files took 0.13337 seconds to load)
8 examples, 0 failures


19:06:54 - INFO - Running: spec/ticTacToe_spec.rb

TicTacToe
  should have 2 players
  should have unique symbols for each player
  should allow players to place their symbols
  should allow them to place alternatively
  win
    should declare win when same symbol is placed vertically
    should declare win when same symbol is placed horizontally
    should declare win when same symbol is placed diagonally
  draw
    should declare draw when all positions are occupied and there is no winner

Finished in 0.00226 seconds (files took 0.11443 seconds to load)
8 examples, 0 failures


19:07:20 - INFO - Running: spec/ticTacToe_spec.rb

TicTacToe
  should have 2 players
  should have unique symbols for each player
  should allow players to place their symbols
  should allow them to place alternatively
  win
    should declare win when same symbol is placed vertically
    should declare win when same symbol is placed horizontally
    should declare win when same symbol is placed diagonally
  draw
    should declare draw when all positions are occupied and there is no winner

Finished in 0.00223 seconds (files took 0.10666 seconds to load)
8 examples, 0 failures


19:07:27 - INFO - Running: spec/ticTacToe_spec.rb

TicTacToe
  should have 2 players (FAILED - 1)
  should have unique symbols for each player
  should allow players to place their symbols
  should allow them to place alternatively
  win
    should declare win when same symbol is placed vertically
    should declare win when same symbol is placed horizontally
    should declare win when same symbol is placed diagonally
  draw
    should declare draw when all positions are occupied and there is no winner

Failures:

  1) TicTacToe should have 2 players
     Failure/Error: expect(5).to eq(3)
     
       expected: 3
            got: 5
     
       (compared using ==)
     # ./spec/ticTacToe_spec.rb:5:in `block (2 levels) in <top (required)>'

Finished in 0.05953 seconds (files took 0.11162 seconds to load)
8 examples, 1 failure

Failed examples:

rspec ./spec/ticTacToe_spec.rb:4 # TicTacToe should have 2 players


19:07:57 - INFO - Running: spec/ticTacToe_spec.rb

TicTacToe
  should have 2 players
  should have unique symbols for each player
  should allow players to place their symbols
  should allow them to place alternatively
  win
    should declare win when same symbol is placed vertically
    should declare win when same symbol is placed horizontally
    should declare win when same symbol is placed diagonally
  draw
    should declare draw when all positions are occupied and there is no winner

Finished in 0.00186 seconds (files took 0.1149 seconds to load)
8 examples, 0 failures


[1] guard(main)> exit

19:10:10 - INFO - Bye bye...
manikandan@drylogics-Lenovo-G50-80:ticTacToe$ 

